<?xml version="1.0" encoding="UTF-8" standalone="yes"?>
<fonts count="1">
    <font>
        <sz val="11"/>
        <color theme="1"/>
        <name val="Calibri"/>
        <family val="2"/>
        <scheme val="minor"/>
    </font>
</fonts>