<?xml version='1.0' encoding='UTF-8'?>
<sst uniqueCount="3" xmlns="http://schemas.openxmlformats.org/spreadsheetml/2006/main"><si><t>hello</t></si><si><t>world</t></si><si><t>nice</t></si></sst>