<?xml version='1.0' encoding='UTF-8'?>
<worksheet xml:space="preserve" xmlns="http://schemas.openxmlformats.org/spreadsheetml/2006/main" xmlns:r="http://schemas.openxmlformats.org/officeDocument/2006/relationships">
    <sheetPr>
        <outlinePr summaryBelow="1" summaryRight="1" />
    </sheetPr>
    <dimension ref="A1:F42" />
    <sheetViews>
        <sheetView workbookViewId="0">
            <pane xSplit="3" topLeftCell="D1" activePane="topRight" state="frozen"/>
            <selection pane="topRight" activeCell="A1" sqref="A1" />
        </sheetView>
    </sheetViews>
    <sheetFormatPr defaultRowHeight="15" />
    <cols>
        <col collapsed="0" max="6" min="6" width="9.10" />
    </cols>
    <sheetData>
        <row r="42" spans="1:6">
            <c r="F42" t="s">
                <v>0</v>
            </c>
        </row>
    </sheetData>
</worksheet>
