<worksheet xmlns:r="http://schemas.openxmlformats.org/officeDocument/2006/relationships" xml:space="preserve" xmlns="http://schemas.openxmlformats.org/spreadsheetml/2006/main"><sheetPr><outlinePr summaryRight="1" summaryBelow="1"></outlinePr></sheetPr><dimension ref="A1:F42"></dimension><sheetViews><sheetView workbookViewId="0"><selection sqref="A1" activeCell="A1"></selection></sheetView></sheetViews><sheetFormatPr defaultRowHeight="15"></sheetFormatPr><cols><col collapsed="0" min="6" max="6" width="9.10"></col></cols><sheetData><row spans="1:6" r="42"><c t="s" r="F42"><v>0</v></c></row></sheetData><autoFilter ref="A1:F1"></autoFilter></worksheet>