<?xml version='1.0' encoding='UTF-8'?>
<workbook xml:space="preserve" 
	  xmlns="http://schemas.openxmlformats.org/spreadsheetml/2006/main"
	  xmlns:r="http://schemas.openxmlformats.org/officeDocument/2006/relationships">
  <fileVersion appName="xl" lastEdited="4" lowestEdited="4" rupBuild="4505" />
  <workbookPr codeName="ThisWorkbook" defaultThemeVersion="124226" />
  <bookViews>
    <workbookView activeTab="0" autoFilterDateGrouping="1" firstSheet="0"
		  minimized="0" showHorizontalScroll="1" showSheetTabs="1"
		  showVerticalScroll="1" tabRatio="600" visibility="visible" />
  </bookViews>
  <sheets>
    <sheet name="Sheet" r:id="rId1" sheetId="1" />
  </sheets>
  <definedNames>
    <definedName name="_xlnm._FilterDatabase" hidden="1" localSheetId="0">'Sheet'!$A$1:$F$1</definedName>
  </definedNames>
<calcPr calcId="124519" calcMode="auto" fullCalcOnLoad="1" />
</workbook>
